/*C1*/SET SCHEMA SYSTEM_LOBS
INSERT INTO BLOCKS VALUES(0,2147483647,0)
COMMIT
/*C2*/SET SCHEMA PUBLIC
CREATE TABLE IF NOT EXISTS AL_CONFIGURATION ( PROPERTY_NAME VARCHAR(255) NOT NULL UNIQUE , PROPERTY_VALUE LONGVARCHAR ) 
CREATE TABLE IF NOT EXISTS AL_GROUPS ( GROUP_NAME VARCHAR(255) NOT NULL PRIMARY KEY , DESCRIPTION LONGVARCHAR ) 
CREATE TABLE IF NOT EXISTS AL_TABLES ( TABLE_NAME VARCHAR(255) NOT NULL PRIMARY KEY , GROUP_NAME VARCHAR(255) , DESCRIPTION LONGVARCHAR ) 
CREATE TABLE IF NOT EXISTS AL_CUSTOM_TYPE ( TABLE_NAME VARCHAR(255) , COLUMN_NAME VARCHAR(255) , TYPE VARCHAR(255) , NAME VARCHAR(255) ) 
CREATE TABLE IF NOT EXISTS AL_VIEWS ( VIEW_NAME VARCHAR(255) NOT NULL UNIQUE , VIEW_DEFINITION LONGVARCHAR , IS_VALID BOOLEAN ) 
CREATE TABLE IF NOT EXISTS AL_SELECTED_LOG_OBJECTS ( NAME VARCHAR(255) NOT NULL UNIQUE , TYPE VARCHAR(255) ) 
CREATE TABLE IF NOT EXISTS AL_DB_OBJECTS ( NAME VARCHAR(255) NOT NULL UNIQUE , TYPE VARCHAR(255) , USAGE VARCHAR(255) ) 
INSERT INTO AL_CONFIGURATION VALUES('VERSION','7.2.0')
INSERT INTO AL_SELECTED_LOG_OBJECTS VALUES('agents_log','VIEW')
INSERT INTO AL_SELECTED_LOG_OBJECTS VALUES('library_blocks_log','VIEW')
INSERT INTO AL_SELECTED_LOG_OBJECTS VALUES('agent_parameters_log','VIEW')
INSERT INTO AL_SELECTED_LOG_OBJECTS VALUES('library_block_parameters_log','VIEW')
INSERT INTO AL_SELECTED_LOG_OBJECTS VALUES('agent_movement_log','VIEW')
INSERT INTO AL_SELECTED_LOG_OBJECTS VALUES('agent_movement_stats_log','VIEW')
INSERT INTO AL_SELECTED_LOG_OBJECTS VALUES('agent_messages_log','VIEW')
INSERT INTO AL_SELECTED_LOG_OBJECTS VALUES('events_log','VIEW')
INSERT INTO AL_SELECTED_LOG_OBJECTS VALUES('flowchart_entries_log','VIEW')
INSERT INTO AL_SELECTED_LOG_OBJECTS VALUES('flowchart_process_states_log','VIEW')
INSERT INTO AL_SELECTED_LOG_OBJECTS VALUES('flowchart_stats_time_in_state_log','VIEW')
INSERT INTO AL_SELECTED_LOG_OBJECTS VALUES('resource_unit_states_log','VIEW')
INSERT INTO AL_SELECTED_LOG_OBJECTS VALUES('resource_unit_task_stats_log','VIEW')
INSERT INTO AL_SELECTED_LOG_OBJECTS VALUES('resource_pool_task_stats_log','VIEW')
INSERT INTO AL_SELECTED_LOG_OBJECTS VALUES('resource_pool_utilization_log','VIEW')
INSERT INTO AL_SELECTED_LOG_OBJECTS VALUES('resource_unit_utilization_log','VIEW')
INSERT INTO AL_SELECTED_LOG_OBJECTS VALUES('fluid_units_log','VIEW')
INSERT INTO AL_SELECTED_LOG_OBJECTS VALUES('fluid_storages_log','VIEW')
INSERT INTO AL_SELECTED_LOG_OBJECTS VALUES('fluid_rates_log','VIEW')
INSERT INTO AL_SELECTED_LOG_OBJECTS VALUES('fluid_utilization_log','VIEW')
INSERT INTO AL_SELECTED_LOG_OBJECTS VALUES('statechart_transitions_log','VIEW')
INSERT INTO AL_SELECTED_LOG_OBJECTS VALUES('agent_statechart_states_log','VIEW')
INSERT INTO AL_SELECTED_LOG_OBJECTS VALUES('agent_statechart_stats_log','VIEW')
INSERT INTO AL_SELECTED_LOG_OBJECTS VALUES('agent_type_statechart_stats_log','VIEW')
INSERT INTO AL_SELECTED_LOG_OBJECTS VALUES('statistics_log','VIEW')
INSERT INTO AL_SELECTED_LOG_OBJECTS VALUES('datasets_log','VIEW')
INSERT INTO AL_SELECTED_LOG_OBJECTS VALUES('histograms_log','VIEW')
INSERT INTO AL_SELECTED_LOG_OBJECTS VALUES('trace_log','VIEW')
COMMIT
CREATE TABLE national_office ( al_id INT IDENTITY , name LONGVARCHAR NULL , type LONGVARCHAR NULL , latitude DOUBLE NULL , longitude DOUBLE NULL ) 
INSERT INTO AL_TABLES VALUES('national_office',NULL,'')
COMMIT
CREATE TABLE provincial_public_health ( al_id INT IDENTITY , name LONGVARCHAR NULL , type LONGVARCHAR NULL , latitude DOUBLE NULL , longitude DOUBLE NULL ) 
INSERT INTO AL_TABLES VALUES('provincial_public_health',NULL,'')
COMMIT
CREATE TABLE puskesmas ( al_id INT IDENTITY , name LONGVARCHAR NULL , province LONGVARCHAR NULL , latitude DOUBLE NULL , longitude DOUBLE NULL ) 
INSERT INTO AL_TABLES VALUES('puskesmas',NULL,'')
COMMIT
/*C3*/SET SCHEMA PUBLIC
INSERT INTO NATIONAL_OFFICE VALUES(0,'Bio Farma','Warehouse',-6.8976E0,107.6045E0)
COMMIT
INSERT INTO PROVINCIAL_PUBLIC_HEALTH VALUES(0,'Public Health of Papua Province','Health Office',-2.602870113E0,140.6734347E0)
INSERT INTO PROVINCIAL_PUBLIC_HEALTH VALUES(1,'Public health of West papua Province ','Health Office',-0.717353682E0,134.0160797E0)
INSERT INTO PROVINCIAL_PUBLIC_HEALTH VALUES(2,'Public Health of East Kalimantan Province ','Health Office',-0.468813787E0,117.1391999E0)
INSERT INTO PROVINCIAL_PUBLIC_HEALTH VALUES(3,'Public health of North Kalimantan province','Health Office',2.849699533E0,117.3667038E0)
COMMIT
INSERT INTO PUSKESMAS VALUES(0,'Puskesmas Kebayoran Lama','DKI Jakarta',-6.238105E0,106.777916E0)
INSERT INTO PUSKESMAS VALUES(1,'Puskesmas Samarinda Kota','East Kalimantan',-0.502998E0,117.153278E0)
INSERT INTO PUSKESMAS VALUES(2,'Puskesmas Tarakan Kota','North Kalimantan',3.300977E0,117.597931E0)
INSERT INTO PUSKESMAS VALUES(3,'Puskesmas Jayapura Kota','Papua',-2.533823E0,140.71806E0)
INSERT INTO PUSKESMAS VALUES(4,'Puskesmas Manokwari','West Papua',-0.861994E0,134.062506E0)
COMMIT
DISCONNECT
/*C2*/DISCONNECT
/*C4*/SET SCHEMA PUBLIC
DISCONNECT
/*C5*/SET SCHEMA PUBLIC
DISCONNECT
